(a) 단어 단위 · 용어 1000개 · arm ['1c', '1a', '1b', '2A', '2C'] · 모델 GLM-5.2

── 1c
      1c 50/1000
      1c 100/1000
      1c 150/1000
      1c 200/1000
      1c 250/1000
      1c 300/1000
      1c 350/1000
      1c 400/1000
      1c 450/1000
      1c 500/1000
      1c 550/1000
      1c 600/1000
      1c 650/1000
      1c 700/1000
      1c 750/1000
      1c 800/1000
      1c 850/1000
      1c 900/1000
      1c 950/1000
      1c 1000/1000
      ⚠️ 1c 응답 교차 의심 1건 → 직렬 재호출 (round 1/3)

── 1c   n=1000
   정답(대표)        172  ( 17.2%)
   정답(동의어)        62  (  6.2%)
   오답            766  ( 76.6%)
   일치수준: {'exact': 179, 'nospace': 55}
   이슈: {'bad_chars': 22, 'multiline': 1}
   형식준수 978/1000 (97.8%)
  저장 → results_1000/a_word_1c.json
── 1a
      1a 1/20
      1a 2/20
      1a 3/20
      1a 4/20
      1a 5/20
      1a 6/20
      1a 7/20
      1a 8/20
      1a 9/20
      1a 10/20
      1a 11/20
      1a 12/20
      1a 13/20
      1a 14/20
      1a 15/20
      1a 16/20
      1a 17/20
      1a 18/20
      1a 19/20
      1a 20/20
      배치 20개 · 잘림(length) 0개 · 누락행 1개

── 1a   n=1000
   정답(대표)        173  ( 17.3%)
   정답(동의어)        67  (  6.7%)
   오답            759  ( 75.9%)
   형식실패            1  (  0.1%)
   일치수준: {'nospace': 46, 'exact': 193, 'josa': 1}
   이슈: {'bad_chars': 22, 'missing_row': 1}
   형식준수 977/1000 (97.7%)
  저장 → results_1000/a_word_1a.json
── 1b
      1b 1/20
      1b 2/20
      1b 3/20
      1b 4/20
      1b 5/20
      1b 6/20
      1b 7/20
      1b 8/20
      1b 9/20
      1b 10/20
      1b 11/20
      1b 12/20
      1b 13/20
      1b 14/20
      1b 15/20
      1b 16/20
      1b 17/20
      1b 18/20
      1b 19/20
      1b 20/20
      배치 20개 · 잘림(length) 0개 · 누락행 101개

── 1b   n=1000
   정답(대표)        158  ( 15.8%)
   정답(동의어)        62  (  6.2%)
   오답            679  ( 67.9%)
   형식실패          101  ( 10.1%)
   일치수준: {'exact': 158, 'nospace': 61, 'josa': 1}
   이슈: {'missing_row': 101, 'bad_chars': 20}
   형식준수 879/1000 (87.9%)
  저장 → results_1000/a_word_1b.json
── 2A
      2A 50/1000
      2A 100/1000
      2A 150/1000
      2A 200/1000
      2A 250/1000
      2A 300/1000
      2A 350/1000
      2A 400/1000
      2A 450/1000
      2A 500/1000
      2A 550/1000
      2A 600/1000
      2A 650/1000
      2A 700/1000
      2A 750/1000
      2A 800/1000
      2A 850/1000
      2A 900/1000
      2A 950/1000
      2A 1000/1000
      ⚠️ 2A 응답 교차 의심 1건 → 직렬 재호출 (round 1/3)
      ⚠️ 2A 응답 교차 의심 1건 → 직렬 재호출 (round 2/3)
      ⚠️ 2A 응답 교차 의심 1건 → 직렬 재호출 (round 3/3)

── 2A   n=1000
   정답(대표)        158  ( 15.8%)
   정답(동의어)        62  (  6.2%)
   오답            780  ( 78.0%)
   일치수준: {'exact': 173, 'nospace': 47}
   이슈: {'bad_chars': 20}
   형식준수 980/1000 (98.0%)
  저장 → results_1000/a_word_2A.json
── 2C
      2C 50/1000
      2C 100/1000
      2C 150/1000
      2C 200/1000
      2C 250/1000
      2C 300/1000
      2C 350/1000
      2C 400/1000
      2C 450/1000
      2C 500/1000
      2C 550/1000
      2C 600/1000
      2C 650/1000
      2C 700/1000
      2C 750/1000
      2C 800/1000
      2C 850/1000
      2C 900/1000
      2C 950/1000
      2C 1000/1000
      ⚠️ 2C 응답 교차 의심 8건 → 직렬 재호출 (round 1/3)
      ⚠️ 2C 응답 교차 의심 5건 → 직렬 재호출 (round 2/3)
      ⚠️ 2C 응답 교차 의심 4건 → 직렬 재호출 (round 3/3)
      ⛔ 2C 재호출 후에도 교차 의심 3건 남음 — 해당 항목은 crossed_suspect 로 표시된다

── 2C   n=1000
   정답(대표)        995  ( 99.5%)
   오답              5  (  0.5%)
   일치수준: {'exact': 995}
   이슈: {'bad_chars': 76, 'off_list': 3}
   형식준수 921/1000 (92.1%)
  저장 → results_1000/a_word_2C.json

========================================================================
arm         n      형식준수      정답
1c       1000     97.8%   23.4%
1a       1000     97.7%   24.0%
1b       1000     87.9%   22.0%
2A       1000     98.0%   22.0%
2C       1000     92.1%   99.5%

호출 3124회 · 재시도 63회 · 출력 93,345토큰(reasoning 43,614) · $0.4442 · 호출당 $0.000142
응답 교차 탐지 10건 · 재호출로 복구 7건 · 미해결 3건
  저장 → results_1000/a_word_summary.json
  저장 → results_1000/a_word_rows.csv
