(b) 문장 단위 · 100건 · mode ['none', 'term', 'random'] · 모델 GLM-5.2
    span 추출 켬(2필드)

── mode=none
      none 5/100
      none 10/100
      none 15/100
      none 20/100
      none 25/100
      none 30/100
      none 35/100
      none 40/100
      none 45/100
      none 50/100
      none 55/100
      none 60/100
      none 65/100
      none 70/100
      none 75/100
      none 80/100
      none 85/100
      none 90/100
      none 95/100
      none 100/100

── mode=none   n=100
   정답(대표)         14  ( 14.0%)
   정답(동의어)         5  (  5.0%)
   오답             81  ( 81.0%)
   일치수준: {'nospace': 6, 'exact': 13}
   이슈: {'bad_chars': 7}
   span이 KO의 부분문자열 아님: 0/100  ← 추출실패로 분리
  저장 → results_100/b_sent_none.json
── mode=term
      term 5/100
      term 10/100
      term 15/100
      term 20/100
      term 25/100
      term 30/100
      term 35/100
      term 40/100
      term 45/100
      term 50/100
      term 55/100
      term 60/100
      term 65/100
      term 70/100
      term 75/100
      term 80/100
      term 85/100
      term 90/100
      term 95/100
      term 100/100
      ⚠️ term 응답 교차 의심 1건 → 직렬 재호출 (round 1/3)

── mode=term   n=100
   정답(대표)         96  ( 96.0%)
   오답              4  (  4.0%)
   일치수준: {'exact': 96}
   이슈: {'bad_chars': 9}
   span이 KO의 부분문자열 아님: 0/100  ← 추출실패로 분리
  저장 → results_100/b_sent_term.json
── mode=random
      random 5/100
      random 10/100
      random 15/100
      random 20/100
      random 25/100
      random 30/100
      random 35/100
      random 40/100
      random 45/100
      random 50/100
      random 55/100
      random 60/100
      random 65/100
      random 70/100
      random 75/100
      random 80/100
      random 85/100
      random 90/100
      random 95/100
      random 100/100

── mode=random   n=100
   오답            100  (100.0%)
   이슈: {'bad_chars': 12}
   span이 KO의 부분문자열 아님: 0/100  ← 추출실패로 분리
   ★ 오답 용어집 추종률 98/100 (98.0%)  ← 높아야 용어집이 작동 중이라는 증거
  저장 → results_100/b_sent_random.json

========================================================================
mode          n      정답       오답용어집추종
none        100   19.0%             -
term        100   96.0%             -
random      100    0.0%         98.0%

■ 페어 비교 (기준: none)
   none→term     개선   77  악화    0  순증 +77
   none→random   개선    0  악화   19  순증 -19

호출 301회 · 재시도 0회 · 출력 11,328토큰(reasoning 543) · $0.0491 · 호출당 $0.000163
응답 교차 탐지 1건 · 재호출로 복구 1건 · 미해결 0건
  저장 → results_100/b_sent_summary.json
  저장 → results_100/b_sent_rows.csv
