(a) 단어 단위 · 용어 100개 · arm ['1c', '1a', '1b', '2A', '2C'] · 모델 GLM-5.2

── 1c
      1c 5/100
      1c 10/100
      1c 15/100
      1c 20/100
      1c 25/100
      1c 30/100
      1c 35/100
      1c 40/100
      1c 45/100
      1c 50/100
      1c 55/100
      1c 60/100
      1c 65/100
      1c 70/100
      1c 75/100
      1c 80/100
      1c 85/100
      1c 90/100
      1c 95/100
      1c 100/100

── 1c   n=100
   정답(대표)         13  ( 13.0%)
   정답(동의어)         4  (  4.0%)
   오답             83  ( 83.0%)
   일치수준: {'exact': 14, 'nospace': 3}
   이슈: {'bad_chars': 3}
   형식준수 97/100 (97.0%)
  저장 → results_100/a_word_1c.json
── 1a
      1a 1/2
      1a 2/2
      배치 2개 · 잘림(length) 0개 · 누락행 0개

── 1a   n=100
   정답(대표)         18  ( 18.0%)
   정답(동의어)         5  (  5.0%)
   오답             77  ( 77.0%)
   일치수준: {'exact': 19, 'nospace': 4}
   이슈: {'bad_chars': 2}
   형식준수 98/100 (98.0%)
  저장 → results_100/a_word_1a.json
── 1b
      1b 1/2
      1b 2/2
      배치 2개 · 잘림(length) 0개 · 누락행 0개

── 1b   n=100
   정답(대표)         15  ( 15.0%)
   정답(동의어)         3  (  3.0%)
   오답             82  ( 82.0%)
   일치수준: {'exact': 16, 'nospace': 2}
   이슈: {'bad_chars': 2}
   형식준수 98/100 (98.0%)
  저장 → results_100/a_word_1b.json
── 2A
      2A 5/100
      2A 10/100
      2A 15/100
      2A 20/100
      2A 25/100
      2A 30/100
      2A 35/100
      2A 40/100
      2A 45/100
      2A 50/100
      2A 55/100
      2A 60/100
      2A 65/100
      2A 70/100
      2A 75/100
      2A 80/100
      2A 85/100
      2A 90/100
      2A 95/100
      2A 100/100

── 2A   n=100
   정답(대표)         15  ( 15.0%)
   정답(동의어)         3  (  3.0%)
   오답             82  ( 82.0%)
   일치수준: {'nospace': 5, 'exact': 13}
   이슈: {'bad_chars': 2}
   형식준수 98/100 (98.0%)
  저장 → results_100/a_word_2A.json
── 2C
      2C 5/100
      2C 10/100
      2C 15/100
      2C 20/100
      2C 25/100
      2C 30/100
      2C 35/100
      2C 40/100
      2C 45/100
      2C 50/100
      2C 55/100
      2C 60/100
      2C 65/100
      2C 70/100
      2C 75/100
      2C 80/100
      2C 85/100
      2C 90/100
      2C 95/100
      2C 100/100

── 2C   n=100
   정답(대표)        100  (100.0%)
   일치수준: {'exact': 100}
   이슈: {'bad_chars': 11}
   형식준수 89/100 (89.0%)
  저장 → results_100/a_word_2C.json

========================================================================
arm         n      형식준수      정답
1c        100     97.0%   17.0%
1a        100     98.0%   23.0%
1b        100     98.0%   18.0%
2A        100     98.0%   18.0%
2C        100     89.0%  100.0%

호출 309회 · 재시도 5회 · 출력 11,891토큰(reasoning 6,848) · $0.0554 · 호출당 $0.000179
응답 교차 탐지 0건 · 재호출로 복구 0건 · 미해결 0건
  저장 → results_100/a_word_summary.json
  저장 → results_100/a_word_rows.csv
